c:\users\tibi\desktop\opengl learning\opengl\opengl\debug\vc143.pdb
c:\users\tibi\desktop\opengl learning\opengl\opengl\debug\vc143.idb
c:\users\tibi\desktop\opengl learning\opengl\opengl\debug\texture.obj
c:\users\tibi\desktop\opengl learning\opengl\opengl\debug\vertexbuffer.obj
c:\users\tibi\desktop\opengl learning\opengl\opengl\debug\vertexarray.obj
c:\users\tibi\desktop\opengl learning\opengl\opengl\debug\stb_image.obj
c:\users\tibi\desktop\opengl learning\opengl\opengl\debug\glm.obj
c:\users\tibi\desktop\opengl learning\opengl\opengl\debug\shader.obj
c:\users\tibi\desktop\opengl learning\opengl\opengl\debug\renderer.obj
c:\users\tibi\desktop\opengl learning\opengl\opengl\debug\mouseinput.obj
c:\users\tibi\desktop\opengl learning\opengl\opengl\debug\main.obj
c:\users\tibi\desktop\opengl learning\opengl\opengl\debug\indexbuffer.obj
c:\users\tibi\desktop\opengl learning\opengl\opengl\debug\eulercamera.obj
c:\users\tibi\desktop\opengl learning\opengl\opengl\debug\keyboardinput.obj
c:\users\tibi\desktop\opengl learning\opengl\opengl\debug\glm.cppm.ifc
c:\users\tibi\desktop\opengl learning\opengl\opengl\debug\glm.cppm.ifc.d.json
c:\users\tibi\desktop\opengl learning\opengl\opengl\debug\glm.cppm.obj
c:\users\tibi\desktop\opengl learning\opengl\opengl\debug\glm.cppm.module.json
c:\users\tibi\desktop\opengl learning\opengl\opengl\debug\opengl.tlog\cl.command.1.tlog
c:\users\tibi\desktop\opengl learning\opengl\opengl\debug\opengl.tlog\cl.read.1.tlog
c:\users\tibi\desktop\opengl learning\opengl\opengl\debug\opengl.tlog\cl.write.1.tlog
c:\users\tibi\desktop\opengl learning\opengl\opengl\debug\opengl_md.tlog\cl.command.1.tlog
c:\users\tibi\desktop\opengl learning\opengl\opengl\debug\opengl_md.tlog\microsoft.build.cpptasks.cl.read.1.tlog
c:\users\tibi\desktop\opengl learning\opengl\opengl\debug\opengl_md.tlog\microsoft.build.cpptasks.cl.write.1.tlog
